// Jest Snapshot v1, https://goo.gl/fbAQLP

exports[`ActionList should show error id no actions provided 1`] = `
<div
  className="ActionSetList-noActionMessage-1"
>
  <div>
    No action to display!
  </div>
  <div>
    Click the 
    '+'
     button to create an action.
  </div>
</div>
`;
